// Jest Snapshot v1, https://goo.gl/fbAQLP

exports[`List Item Component List Item matches current snapshot 1`] = `"<div class=\\"list-item\\"><div class=\\"thumbnail\\"><a aria-current=\\"false\\" href=\\"/items/1\\"><img alt=\\"Name\\" title=\\"Name\\" class=\\"product-thumb\\"/></a></div><div class=\\"description\\"><div class=\\"price\\"><span class=\\"amount\\">$ 10</span></div><div class=\\"title\\"><a aria-current=\\"false\\" href=\\"/items/1\\">Name</a></div></div><div class=\\"location\\">Cordoba</div></div>"`;
